$ zk
$ zk help
$ zk -h
$ zk --help
Usage: zk <command> [arguments] [options]                              | out
                                                                       | out
Commands:                                                              | out
                                                                       | out
    get                show znode content                              | out
    exists             test if znode exists                            | out
    stat               show znode details                              | out
    create             create znode with initial content               | out
    set                write znode content                             | out
    delete             remove znode                                    | out
    children           list znode children                             | out
                                                                       | out
Run 'hk help <command>' for details.                                   | out 0


$ zk help get
Usage: hk get <path> [--watch]                                         | out
                                                                       | out
Get reads the node value at the given path and prints it to stdout. If | out
the --watch option is used, waits for a change to the node before      | out
exiting.                                                               | out
                                                                       | out
Examples:                                                              | out
                                                                       | out
    $ hk get /foo                                                      | out
    bar                                                                | out
                                                                       | out
    $ hk get /foo --watch                                              | out
    bar                                                                | out 0


$ zk get /path
content                                                                | out 0


$ zk get /path --watch
content                                                                | out 0


$ zk get                                                               | err
error: no path specified                                               | err
Usage: zk get <path> [--watch]                                         | err                                                                       | err
Run 'zk help get' for details.                                         | err 2


$ zk get /path /another
Usage: zk get <path> [--watch]
Run 'zk help get' for details.


$ echo "try" | zk create /path
error: node already exists                                             | err 1
